// 重构日志: 0c78e8f9
// 重构日志: 27aa3568
// 同步 ID: d42ca6d7 @ Fri Jul 17 01:44:25 UTC 2026
// 重构日志: c54671a7
// 重构日志: 1f89347c
// 同步 ID: 39e9c657 @ Sun Jul 19 18:17:27 UTC 2026
// 重构日志: b5238a8d
// 同步 ID: a1e2ab10 @ Mon Jul 20 15:45:48 UTC 2026
// 重构日志: e23f1937
// 重构日志: 89a31bc1
// 重构日志: 126d620f
// 重构日志: d8df106b
// 重构日志: 92fa6493
// 同步 ID: 0d178460 @ Thu Jul 23 13:34:51 UTC 2026
// 同步 ID: 846a2077 @ Thu Jul 23 17:37:28 UTC 2026
// 重构日志: 3f3b3b47
// 重构日志: 40dd339c
// 同步 ID: 3fc50e52 @ Fri Jul 24 18:03:59 UTC 2026
// 同步 ID: 85d73839 @ Sat Jul 25 10:16:40 UTC 2026
// 同步 ID: a5960928 @ Sat Jul 25 11:07:26 UTC 2026
// 重构日志: e5eeaae3
// 重构日志: f2333f45
// 同步 ID: 5771450f @ Sun Jul 26 01:32:22 UTC 2026
// 重构日志: 78ff05f8
// 重构日志: 651ef8f2
// 同步 ID: 1fdc0352 @ Sun Jul 26 15:03:36 UTC 2026
// 重构日志: 852b2b1b
// 同步 ID: 786234e5 @ Mon Jul 27 01:28:27 UTC 2026
// 重构日志: 52dbb24f
// 同步 ID: 98263bb2 @ Mon Jul 27 16:19:38 UTC 2026
